^ ^ ^ ^ ^ ^ ^ ^ ^ ^ ^ ^ ^ ^ ^ ^ ^ ^ ^ ^ ^ ^ ^ ^ ^ ^ ^ ^ ^
^ . . . . . . ^ n ^ . ^ ^ . . . ^ . ^ ^ ^ ^ . . . ^ . ^ ^
^ . ^ ^ ^ ^ . ^ . ^ . ^ ^ . ^ . ^ . . . . . . ^ . ^ . ^ ^
^ . . . . . . ^ . ^ . . . . ^ . ^ ^ . ^ ^ ^ . ^ . ^ . ^ ^
^ ^ ^ ^ ^ ^ . . . ^ ^ . ^ ^ ^ . ^ ^ . ^ ^ ^ . ^ . . . ^ ^
^ . . . ^ ^ . ^ . . . . ^ . . . ^ . . . . . . ^ . ^ ^ ^ ^
^ . ^ . ^ ^ . ^ ^ ^ ^ ^ ^ f ^ ^ ^ . ^ ^ ^ ^ ^ ^ . ^ ^ ^ ^
^ . . . . . . . . . . . ^ ^ ^ . . . . . . . . . . . ^ ^ ^
^ . ^ ^ ^ ^ . ^ . ^ . . . . . . ^ ^ ^ ^ ^ ^ . ^ ^ . l ^ ^
^ . . . . ^ . ^ . ^ . ^ ^ ^ ^ . . . . . ^ ^ . . ^ . ^ ^ ^
^ ^ ^ ^ . . . ^ . ^ . ^ ^ . . . ^ ^ ^ . . ^ ^ . . . . ^ ^
^ . . . . ^ e ^ . ^ . ^ ^ . ^ . ^ ^ ^ ^ . ^ ^ ^ . ^ . ^ ^
^ . ^ ^ ^ ^ ^ ^ . ^ . ^ ^ . ^ . ^ . ^ ^ . ^ . ^ . ^ . ^ ^
^ . ^ . . . . . . ^ . . ^ . ^ . ^ . . . . ^ . . . . . ^ ^
^ . ^ . ^ ^ ^ ^ ^ ^ ^ . ^ . ^ . . . ^ ^ . ^ . ^ ^ ^ . ^ ^
^ . ^ . ^ . . . ^ . . . ^ . ^ ^ ^ . ^ ^ . . . . ^ ^ . ^ ^
^ . . . . . ^ . . . ^ . . . . s ^ . ^ ^ . ^ ^ . . . . ^ ^
^ ^ ^ ^ ^ ^ ^ ^ ^ ^ ^ ^ ^ ^ ^ ^ ^ ^ ^ ^ ^ ^ ^ ^ ^ ^ ^ ^ ^

